// Jest Snapshot v1, https://goo.gl/fbAQLP

exports[`Filter component should call dispatch with expected parameters when dynamic filter changes 1`] = `
<DocumentFragment>
  <div
    class="filter"
  >
    <span
      class="label"
    >
      Image Id
    </span>
    <select
      data-testid="select-ImageId"
      id="ImageId"
      name="ImageId"
    >
      <option
        value=""
      />
      <option
        value="ami-5442061867f5bff4e"
      >
        ami-5442061867f5bff4e
      </option>
      <option
        value="ami-5442621417d9c502d"
      >
        ami-5442621417d9c502d
      </option>
      <option
        value="ami-54426320e5fe48376"
      >
        ami-54426320e5fe48376
      </option>
      <option
        value="ami-54426fc4f22b6dbda"
      >
        ami-54426fc4f22b6dbda
      </option>
      <option
        value="ami-5442773270f1dbc84"
      >
        ami-5442773270f1dbc84
      </option>
      <option
        value="ami-5442a46261de55fcc"
      >
        ami-5442a46261de55fcc
      </option>
      <option
        value="ami-5442a9d2d27a71bba"
      >
        ami-5442a9d2d27a71bba
      </option>
      <option
        value="ami-5442b4753027ae935"
      >
        ami-5442b4753027ae935
      </option>
      <option
        value="ami-5442d1a288c950739"
      >
        ami-5442d1a288c950739
      </option>
      <option
        value="ami-5442e32fd1aba0456"
      >
        ami-5442e32fd1aba0456
      </option>
      <option
        value="ami-5442e32fd1aba61a6"
      >
        ami-5442e32fd1aba61a6
      </option>
      <option
        value="ami-5442e32fd1ababf88"
      >
        ami-5442e32fd1ababf88
      </option>
      <option
        value="ami-5442e32fd1abada2a"
      >
        ami-5442e32fd1abada2a
      </option>
    </select>
  </div>
</DocumentFragment>
`;

exports[`Filter component should match snapshot 1`] = `
<DocumentFragment>
  <div
    class="filter"
  >
    <span
      class="label"
    >
      Name
    </span>
    <select
      data-testid="select-Name"
      id="Name"
      name="Name"
    >
      <option
        value=""
      />
      <option
        value="ftp"
      >
        ftp
      </option>
      <option
        value="image"
      >
        image
      </option>
      <option
        value="loghost"
      >
        loghost
      </option>
      <option
        value="minion"
      >
        minion
      </option>
      <option
        value="rx"
      >
        rx
      </option>
      <option
        value="sql"
      >
        sql
      </option>
      <option
        value="tx"
      >
        tx
      </option>
      <option
        value="workhorse"
      >
        workhorse
      </option>
    </select>
  </div>
</DocumentFragment>
`;
