// Jest Snapshot v1, https://goo.gl/fbAQLP

exports[`App component starts with a count of 0 1`] = `
<table>
  <tbody>
    <ModalDetailsHeader
      title="fishbone"
    >
      <tr>
        <td
          className="header"
          colSpan="2"
        >
          fishbone
        </td>
      </tr>
    </ModalDetailsHeader>
  </tbody>
</table>
`;
