// Jest Snapshot v1, https://goo.gl/fbAQLP

exports[`ModalShowInstanceDetails component should match snapshot 1`] = `
<DocumentFragment>
  <div
    class="context-menu"
    data-testid="modal-close"
    style="top: 5px; left: 5px;"
  >
    <div
      id="instance-tags"
    >
      <table>
        <tbody>
          <tr>
            <td
              class="header"
              colspan="2"
            >
              General
            </td>
          </tr>
          <tr>
            <td
              class="title"
            >
              Architecture
            </td>
            <td
              class="data"
            >
              x86_64
            </td>
          </tr>
          <tr>
            <td
              class="title"
            >
              Hypervisor
            </td>
            <td
              class="data"
            >
              xen
            </td>
          </tr>
          <tr>
            <td
              class="title"
            >
              Name
            </td>
            <td
              class="data"
            />
          </tr>
          <tr>
            <td
              class="title"
            >
              PrivateDnsName
            </td>
            <td
              class="data"
            >
              ip-192-168-34-117.eu-west-1.compute.internal
            </td>
          </tr>
          <tr>
            <td
              class="title"
            >
              PublicDnsName
            </td>
            <td
              class="data"
            >
              ec2-54-42-117-131.eu-west-1.compute.amazonaws.com
            </td>
          </tr>
          <tr>
            <td
              class="title"
            >
              RootDeviceType
            </td>
            <td
              class="data"
            >
              ebs
            </td>
          </tr>
          <tr>
            <td
              class="title"
            >
              RootDeviceName
            </td>
            <td
              class="data"
            >
              /dev/sda1
            </td>
          </tr>
          <tr>
            <td
              class="title"
            >
              VirtualizationType
            </td>
            <td
              class="data"
            >
              hvm
            </td>
          </tr>
          <tr>
            <td
              class="header"
              colspan="2"
            >
              Tags
            </td>
          </tr>
          <tr>
            <td
              class="title"
            >
              Tag1
            </td>
            <td
              class="data"
            >
              Value1
            </td>
          </tr>
          <tr>
            <td
              class="title"
            >
              Tag2
            </td>
            <td
              class="data"
            >
              Value2
            </td>
          </tr>
          <tr>
            <td
              class="title"
            >
              Tag3
            </td>
            <td
              class="data"
            >
              Value3
            </td>
          </tr>
          <tr>
            <td
              class="header"
              colspan="2"
            >
              Iam Instance Profile
            </td>
          </tr>
          <tr>
            <td
              class="title"
            >
              Id
            </td>
            <td
              class="data"
            >
              Id value
            </td>
          </tr>
          <tr>
            <td
              class="title"
            >
              Arn
            </td>
            <td
              class="data"
            />
          </tr>
        </tbody>
      </table>
    </div>
  </div>
</DocumentFragment>
`;
